[    0.000000] Linux version 4.15.0-212-generic (buildd@lcy02-amd64-083) (gcc version 7.5.0 (Ubuntu 7.5.0-3ubuntu1~18.04)) #223-Ubuntu SMP Tue May 23 13:09:22 UTC 2023 (Ubuntu 4.15.0-212.223-generic 4.15.18)
[    0.000000] Command line: BOOT_IMAGE=/boot/vmlinuz-4.15.0-212-generic root=LABEL=cloudimg-rootfs ro console=tty1 console=ttyS0
[    0.000000] KERNEL supported cpus:
[    0.000000]   Intel GenuineIntel
[    0.000000]   AMD AuthenticAMD
[    0.000000]   Centaur CentaurHauls
[    0.000000] [Firmware Bug]: TSC doesn't count with P0 frequency!
[    0.000000] x86/fpu: Supporting XSAVE feature 0x001: 'x87 floating point registers'
[    0.000000] x86/fpu: Supporting XSAVE feature 0x002: 'SSE registers'
[    0.000000] x86/fpu: Supporting XSAVE feature 0x004: 'AVX registers'
[    0.000000] x86/fpu: xstate_offset[2]:  576, xstate_sizes[2]:  256
[    0.000000] x86/fpu: Enabled xstate features 0x7, context size is 832 bytes, using 'standard' format.
[    0.000000] e820: BIOS-provided physical RAM map:
[    0.000000] BIOS-e820: [mem 0x0000000000000000-0x000000000009fbff] usable
[    0.000000] BIOS-e820: [mem 0x000000000009fc00-0x000000000009ffff] reserved
[    0.000000] BIOS-e820: [mem 0x00000000000f0000-0x00000000000fffff] reserved
[    0.000000] BIOS-e820: [mem 0x0000000000100000-0x000000007ffeffff] usable
[    0.000000] BIOS-e820: [mem 0x000000007fff0000-0x000000007fffffff] ACPI data
[    0.000000] BIOS-e820: [mem 0x00000000fec00000-0x00000000fec00fff] reserved
[    0.000000] BIOS-e820: [mem 0x00000000fee00000-0x00000000fee00fff] reserved
[    0.000000] BIOS-e820: [mem 0x00000000fffc0000-0x00000000ffffffff] reserved
[    0.000000] NX (Execute Disable) protection: active
[    0.000000] SMBIOS 2.5 present.
[    0.000000] DMI: innotek GmbH VirtualBox/VirtualBox, BIOS VirtualBox 12/01/2006
[    0.000000] Hypervisor detected: KVM
[    0.000000] e820: last_pfn = 0x7fff0 max_arch_pfn = 0x400000000
[    0.000000] MTRR: Disabled
[    0.000000] x86/PAT: MTRRs disabled, skipping PAT initialization too.
[    0.000000] CPU MTRRs all blank - virtualized system.
[    0.000000] x86/PAT: Configuration [0-7]: WB  WT  UC- UC  WB  WT  UC- UC  
[    0.000000] found SMP MP-table at [mem 0x0009fff0-0x0009ffff]
[    0.000000] Scanning 1 areas for low memory corruption
[    0.000000] RAMDISK: [mem 0x359cb000-0x36cdcfff]
[    0.000000] ACPI: Early table checksum verification disabled
[    0.000000] ACPI: RSDP 0x00000000000E0000 000024 (v02 VBOX  )
[    0.000000] ACPI: XSDT 0x000000007FFF0030 00003C (v01 VBOX   VBOXXSDT 00000001 ASL  00000061)
[    0.000000] ACPI: FACP 0x000000007FFF00F0 0000F4 (v04 VBOX   VBOXFACP 00000001 ASL  00000061)
[    0.000000] ACPI: DSDT 0x000000007FFF0470 002325 (v02 VBOX   VBOXBIOS 00000002 INTL 20200925)
[    0.000000] ACPI: FACS 0x000000007FFF0200 000040
[    0.000000] ACPI: FACS 0x000000007FFF0200 000040
[    0.000000] ACPI: APIC 0x000000007FFF0240 00005C (v02 VBOX   VBOXAPIC 00000001 ASL  00000061)
[    0.000000] ACPI: SSDT 0x000000007FFF02A0 0001CC (v01 VBOX   VBOXCPUT 00000002 INTL 20200925)
[    0.000000] ACPI: Reserving FACP table memory at [mem 0x7fff00f0-0x7fff01e3]
[    0.000000] ACPI: Reserving DSDT table memory at [mem 0x7fff0470-0x7fff2794]
[    0.000000] ACPI: Reserving FACS table memory at [mem 0x7fff0200-0x7fff023f]
[    0.000000] ACPI: Reserving FACS table memory at [mem 0x7fff0200-0x7fff023f]
[    0.000000] ACPI: Reserving APIC table memory at [mem 0x7fff0240-0x7fff029b]
[    0.000000] ACPI: Reserving SSDT table memory at [mem 0x7fff02a0-0x7fff046b]
[    0.000000] No NUMA configuration found
[    0.000000] Faking a node at [mem 0x0000000000000000-0x000000007ffeffff]
[    0.000000] NODE_DATA(0) allocated [mem 0x7ffc5000-0x7ffeffff]
[    0.000000] kvm-clock: cpu 0, msr 0:7ff44001, primary cpu clock
[    0.000000] kvm-clock: Using msrs 4b564d01 and 4b564d00
[    0.000000] kvm-clock: using sched offset of 2924426950 cycles
[    0.000000] clocksource: kvm-clock: mask: 0xffffffffffffffff max_cycles: 0x1cd42e4dffb, max_idle_ns: 881590591483 ns
[    0.000000] Zone ranges:
[    0.000000]   DMA      [mem 0x0000000000001000-0x0000000000ffffff]
[    0.000000]   DMA32    [mem 0x0000000001000000-0x000000007ffeffff]
[    0.000000]   Normal   empty
[    0.000000]   Device   empty
[    0.000000] Movable zone start for each node
[    0.000000] Early memory node ranges
[    0.000000]   node   0: [mem 0x0000000000001000-0x000000000009efff]
[    0.000000]   node   0: [mem 0x0000000000100000-0x000000007ffeffff]
[    0.000000] Reserved but unavailable: 104 pages
[    0.000000] Initmem setup node 0 [mem 0x0000000000001000-0x000000007ffeffff]
[    0.000000] ACPI: PM-Timer IO Port: 0x4008
[    0.000000] IOAPIC[0]: apic_id 2, version 32, address 0xfec00000, GSI 0-23
[    0.000000] ACPI: INT_SRC_OVR (bus 0 bus_irq 0 global_irq 2 dfl dfl)
[    0.000000] ACPI: INT_SRC_OVR (bus 0 bus_irq 9 global_irq 9 low level)
[    0.000000] Using ACPI (MADT) for SMP configuration information
[    0.000000] smpboot: Allowing 2 CPUs, 0 hotplug CPUs
[    0.000000] PM: Registered nosave memory: [mem 0x00000000-0x00000fff]
[    0.000000] PM: Registered nosave memory: [mem 0x0009f000-0x0009ffff]
[    0.000000] PM: Registered nosave memory: [mem 0x000a0000-0x000effff]
[    0.000000] PM: Registered nosave memory: [mem 0x000f0000-0x000fffff]
[    0.000000] e820: [mem 0x80000000-0xfebfffff] available for PCI devices
[    0.000000] Booting paravirtualized kernel on KVM
[    0.000000] clocksource: refined-jiffies: mask: 0xffffffff max_cycles: 0xffffffff, max_idle_ns: 7645519600211568 ns
[    0.000000] setup_percpu: NR_CPUS:8192 nr_cpumask_bits:2 nr_cpu_ids:2 nr_node_ids:1
[    0.000000] percpu: Embedded 50 pages/cpu s167936 r8192 d28672 u1048576
[    0.000000] PV qspinlock hash table entries: 256 (order: 0, 4096 bytes)
[    0.000000] Built 1 zonelists, mobility grouping on.  Total pages: 515961
[    0.000000] Policy zone: DMA32
[    0.000000] Kernel command line: BOOT_IMAGE=/boot/vmlinuz-4.15.0-212-generic root=LABEL=cloudimg-rootfs ro console=tty1 console=ttyS0
[    0.000000] Memory: 2014836K/2096696K available (12300K kernel code, 2477K rwdata, 4324K rodata, 2480K init, 2720K bss, 81860K reserved, 0K cma-reserved)
[    0.000000] SLUB: HWalign=64, Order=0-3, MinObjects=0, CPUs=2, Nodes=1
[    0.000000] ftrace: allocating 39508 entries in 155 pages
[    0.004000] Hierarchical RCU implementation.
[    0.004000] 	RCU restricting CPUs from NR_CPUS=8192 to nr_cpu_ids=2.
[    0.004000] 	Tasks RCU enabled.
[    0.004000] RCU: Adjusting geometry for rcu_fanout_leaf=16, nr_cpu_ids=2
[    0.004000] NR_IRQS: 524544, nr_irqs: 440, preallocated irqs: 16
[    0.004000] random: crng init done
[    0.004000] Console: colour VGA+ 80x25
[    0.004000] console [tty1] enabled
[    0.004000] console [ttyS0] enabled
[    0.004000] ACPI: Core revision 20170831
[    0.004000] ACPI: 2 ACPI AML tables successfully acquired and loaded
[    0.004000] APIC: Switch to symmetric I/O mode setup
[    0.004000] x2apic enabled
[    0.004000] Switched APIC routing to physical x2apic.
[    0.004000] ..TIMER: vector=0x30 apic1=0 pin1=2 apic2=-1 pin2=-1
[    0.004000] tsc: Detected 3693.044 MHz processor
[    0.004000] Calibrating delay loop (skipped) preset value.. 7386.08 BogoMIPS (lpj=14772176)
[    0.004000] pid_max: default: 32768 minimum: 301
[    0.004000] Security Framework initialized
[    0.004003] Yama: becoming mindful.
[    0.004298] AppArmor: AppArmor initialized
[    0.005069] Dentry cache hash table entries: 262144 (order: 9, 2097152 bytes)
[    0.005975] Inode-cache hash table entries: 131072 (order: 8, 1048576 bytes)
[    0.006515] Mount-cache hash table entries: 4096 (order: 3, 32768 bytes)
[    0.007000] Mountpoint-cache hash table entries: 4096 (order: 3, 32768 bytes)
[    0.007665] Last level iTLB entries: 4KB 512, 2MB 512, 4MB 256
[    0.008000] Last level dTLB entries: 4KB 2048, 2MB 2048, 4MB 1024, 1GB 0
[    0.008000] Spectre V1 : Mitigation: usercopy/swapgs barriers and __user pointer sanitization
[    0.008000] Spectre V2 : Mitigation: Retpolines
[    0.008000] Spectre V2 : Spectre v2 / SpectreRSB mitigation: Filling RSB on context switch
[    0.008002] Spectre V2 : Spectre v2 / SpectreRSB : Filling RSB on VMEXIT
[    0.008635] Freeing SMP alternatives memory: 36K
[    0.121213] smpboot: CPU0: AMD Ryzen 9 5900X 12-Core Processor (family: 0x19, model: 0x21, stepping: 0x0)
[    0.121830] Performance Events: PMU not available due to virtualization, using software events only.
[    0.122453] Hierarchical SRCU implementation.
[    0.123149] NMI watchdog: Perf event create on CPU 0 failed with -2
[    0.123527] NMI watchdog: Perf NMI watchdog permanently disabled
[    0.123908] smp: Bringing up secondary CPUs ...
[    0.124000] x86: Booting SMP configuration:
[    0.124000] .... node  #0, CPUs:      #1
[    0.004000] kvm-clock: cpu 1, msr 0:7ff44041, secondary cpu clock
[    0.124011] smp: Brought up 1 node, 2 CPUs
[    0.124283] smpboot: Max logical packages: 1
[    0.124556] smpboot: Total of 2 processors activated (14772.17 BogoMIPS)
[    0.125013] devtmpfs: initialized
[    0.125013] x86/mm: Memory block size: 128MB
[    0.125013] evm: security.selinux
[    0.125029] evm: security.SMACK64
[    0.125296] evm: security.SMACK64EXEC
[    0.125584] evm: security.SMACK64TRANSMUTE
[    0.125908] evm: security.SMACK64MMAP
[    0.126200] evm: security.apparmor
[    0.126473] evm: security.ima
[    0.126719] evm: security.capability
[    0.128048] clocksource: jiffies: mask: 0xffffffff max_cycles: 0xffffffff, max_idle_ns: 7645041785100000 ns
[    0.128701] futex hash table entries: 512 (order: 3, 32768 bytes)
[    0.129167] pinctrl core: initialized pinctrl subsystem
[    0.129622] RTC time: 21:20:40, date: 06/25/23
[    0.130054] NET: Registered protocol family 16
[    0.130437] audit: initializing netlink subsys (disabled)
[    0.132011] audit: type=2000 audit(1687728044.444:1): state=initialized audit_enabled=0 res=1
[    0.132628] cpuidle: using governor ladder
[    0.132628] cpuidle: using governor menu
[    0.132628] ACPI: bus type PCI registered
[    0.132628] acpiphp: ACPI Hot Plug PCI Controller Driver version: 0.5
[    0.132715] PCI: Using configuration type 1 for base access
[    0.133055] PCI: Using configuration type 1 for extended access
[    0.136433] HugeTLB registered 2.00 MiB page size, pre-allocated 0 pages
[    0.136469] ACPI: Added _OSI(Module Device)
[    0.136469] ACPI: Added _OSI(Processor Device)
[    0.136606] ACPI: Added _OSI(3.0 _SCP Extensions)
[    0.136894] ACPI: Added _OSI(Processor Aggregator Device)
[    0.137225] ACPI: Added _OSI(Linux-Dell-Video)
[    0.137497] ACPI: Added _OSI(Linux-Lenovo-NV-HDMI-Audio)
[    0.137824] ACPI: Added _OSI(Linux-HPI-Hybrid-Graphics)
[    0.138247] ACPI: Executed 1 blocks of module-level executable AML code
[    0.141459] ACPI: Interpreter enabled
[    0.141724] ACPI: (supports S0 S5)
[    0.141959] ACPI: Using IOAPIC for interrupt routing
[    0.142381] PCI: Using host bridge windows from ACPI; if necessary, use "pci=nocrs" and report a bug
[    0.142988] ACPI: Enabled 2 GPEs in block 00 to 07
[    0.146146] ACPI: PCI Root Bridge [PCI0] (domain 0000 [bus 00-ff])
[    0.146530] acpi PNP0A03:00: _OSC: OS supports [ExtendedConfig ASPM ClockPM Segments MSI]
[    0.147479] acpi PNP0A03:00: _OSC: platform does not support [PCIeCapability]
[    0.148138] acpi PNP0A03:00: _OSC: not requesting control; platform does not support [PCIeCapability]
[    0.148685] acpi PNP0A03:00: _OSC: OS requested [PCIeHotplug PME AER PCIeCapability]
[    0.149147] acpi PNP0A03:00: _OSC: platform willing to grant [PCIeHotplug PME AER]
[    0.149619] acpi PNP0A03:00: _OSC failed (AE_SUPPORT); disabling ASPM
[    0.150148] PCI host bridge to bus 0000:00
[    0.150404] pci_bus 0000:00: root bus resource [io  0x0000-0x0cf7 window]
[    0.151055] pci_bus 0000:00: root bus resource [io  0x0d00-0xffff window]
[    0.151460] pci_bus 0000:00: root bus resource [mem 0x000a0000-0x000bffff window]
[    0.151910] pci_bus 0000:00: root bus resource [mem 0x80000000-0xfdffffff window]
[    0.152001] pci_bus 0000:00: root bus resource [bus 00-ff]
[    0.153021] pci 0000:00:01.1: legacy IDE quirk: reg 0x10: [io  0x01f0-0x01f7]
[    0.153453] pci 0000:00:01.1: legacy IDE quirk: reg 0x14: [io  0x03f6]
[    0.153840] pci 0000:00:01.1: legacy IDE quirk: reg 0x18: [io  0x0170-0x0177]
[    0.154291] pci 0000:00:01.1: legacy IDE quirk: reg 0x1c: [io  0x0376]
[    0.161401] pci 0000:00:07.0: quirk: [io  0x4000-0x403f] claimed by PIIX4 ACPI
[    0.161866] pci 0000:00:07.0: quirk: [io  0x4100-0x410f] claimed by PIIX4 SMB
[    0.166301] ACPI: PCI Interrupt Link [LNKA] (IRQs 5 9 10 *11)
[    0.166838] ACPI: PCI Interrupt Link [LNKB] (IRQs 5 9 *10 11)
[    0.167225] ACPI: PCI Interrupt Link [LNKC] (IRQs 5 *9 10 11)
[    0.167618] ACPI: PCI Interrupt Link [LNKD] (IRQs 5 9 10 *11)
[    0.168170] SCSI subsystem initialized
[    0.168431] pci 0000:00:02.0: vgaarb: setting as boot VGA device
[    0.168465] pci 0000:00:02.0: vgaarb: VGA device added: decodes=io+mem,owns=io+mem,locks=none
[    0.169078] pci 0000:00:02.0: vgaarb: bridge control possible
[    0.169495] vgaarb: loaded
[    0.169495] ACPI: bus type USB registered
[    0.169495] usbcore: registered new interface driver usbfs
[    0.169495] usbcore: registered new interface driver hub
[    0.169495] usbcore: registered new device driver usb
[    0.172007] EDAC MC: Ver: 3.0.0
[    0.172363] PCI: Using ACPI for IRQ routing
[    0.172468] NetLabel: Initializing
[    0.172703] NetLabel:  domain hash size = 128
[    0.172978] NetLabel:  protocols = UNLABELED CIPSOv4 CALIPSO
[    0.173317] NetLabel:  unlabeled traffic allowed by default
[    0.173664] clocksource: Switched to clocksource kvm-clock
[    0.179899] VFS: Disk quotas dquot_6.6.0
[    0.180363] VFS: Dquot-cache hash table entries: 512 (order 0, 4096 bytes)
[    0.181026] AppArmor: AppArmor Filesystem Enabled
[    0.181408] pnp: PnP ACPI init
[    0.182168] pnp: PnP ACPI: found 3 devices
[    0.188857] clocksource: acpi_pm: mask: 0xffffff max_cycles: 0xffffff, max_idle_ns: 2085701024 ns
[    0.189776] NET: Registered protocol family 2
[    0.190168] IP idents hash table entries: 32768 (order: 6, 262144 bytes)
[    0.190814] TCP established hash table entries: 16384 (order: 5, 131072 bytes)
[    0.191388] TCP bind hash table entries: 16384 (order: 6, 262144 bytes)
[    0.192228] TCP: Hash tables configured (established 16384 bind 16384)
[    0.192740] UDP hash table entries: 1024 (order: 3, 32768 bytes)
[    0.193189] UDP-Lite hash table entries: 1024 (order: 3, 32768 bytes)
[    0.193678] NET: Registered protocol family 1
[    0.194024] pci 0000:00:00.0: Limiting direct PCI/PCI transfers
[    0.194471] pci 0000:00:01.0: Activating ISA DMA hang workarounds
[    0.194946] pci 0000:00:02.0: Video device with shadowed ROM at [mem 0x000c0000-0x000dffff]
[    0.195612] Unpacking initramfs...
[    0.352789] Freeing initrd memory: 19528K
[    0.353159] clocksource: tsc: mask: 0xffffffffffffffff max_cycles: 0x6a7755dc1d3, max_idle_ns: 881591048559 ns
[    0.353802] platform rtc_cmos: registered platform RTC device (no PNP device found)
[    0.354289] Scanning for low memory corruption every 60 seconds
[    0.355104] Initialise system trusted keyrings
[    0.355532] Key type blacklist registered
[    0.355925] workingset: timestamp_bits=36 max_order=19 bucket_order=0
[    0.356932] zbud: loaded
[    0.357587] squashfs: version 4.0 (2009/01/31) Phillip Lougher
[    0.358272] fuse init (API version 7.26)
[    0.359984] Key type asymmetric registered
[    0.360281] Asymmetric key parser 'x509' registered
[    0.360597] Block layer SCSI generic (bsg) driver version 0.4 loaded (major 246)
[    0.361106] io scheduler noop registered
[    0.361377] io scheduler deadline registered
[    0.361681] io scheduler cfq registered (default)
[    0.362170] ACPI: AC Adapter [AC] (on-line)
[    0.362481] input: Power Button as /devices/LNXSYSTM:00/LNXPWRBN:00/input/input0
[    0.362987] ACPI: Power Button [PWRF]
[    0.363259] input: Sleep Button as /devices/LNXSYSTM:00/LNXSLPBN:00/input/input1
[    0.363724] ACPI: Sleep Button [SLPF]
[    0.364147] Serial: 8250/16550 driver, 32 ports, IRQ sharing enabled
[    0.384959] 00:02: ttyS0 at I/O 0x3f8 (irq = 4, base_baud = 115200) is a 16550A
[    0.387399] Linux agpgart interface v0.103
[    0.388716] loop: module loaded
[    0.389334] scsi host0: ata_piix
[    0.389751] scsi host1: ata_piix
[    0.390034] ata1: PATA max UDMA/33 cmd 0x1f0 ctl 0x3f6 bmdma 0xd000 irq 14
[    0.390532] ata2: PATA max UDMA/33 cmd 0x170 ctl 0x376 bmdma 0xd008 irq 15
[    0.391123] tun: Universal TUN/TAP device driver, 1.6
[    0.391682] PPP generic driver version 2.4.2
[    0.392181] ehci_hcd: USB 2.0 'Enhanced' Host Controller (EHCI) Driver
[    0.392806] ehci-pci: EHCI PCI platform driver
[    0.393257] ehci-platform: EHCI generic platform driver
[    0.393782] ohci_hcd: USB 1.1 'Open' Host Controller (OHCI) Driver
[    0.394372] ohci-pci: OHCI PCI platform driver
[    0.394830] ohci-platform: OHCI generic platform driver
[    0.395343] uhci_hcd: USB Universal Host Controller Interface driver
[    0.395979] i8042: PNP: PS/2 Controller [PNP0303:PS2K,PNP0f03:PS2M] at 0x60,0x64 irq 1,12
[    0.397187] serio: i8042 KBD port at 0x60,0x64 irq 1
[    0.397752] serio: i8042 AUX port at 0x60,0x64 irq 12
[    0.398338] mousedev: PS/2 mouse device common for all mice
[    0.399280] input: AT Translated Set 2 keyboard as /devices/platform/i8042/serio0/input/input2
[    0.400050] rtc_cmos rtc_cmos: rtc core: registered rtc_cmos as rtc0
[    0.400929] rtc_cmos rtc_cmos: alarms up to one day, 114 bytes nvram
[    0.401692] i2c /dev entries driver
[    0.402213] device-mapper: uevent: version 1.0.3
[    0.402890] device-mapper: ioctl: 4.37.0-ioctl (2017-09-20) initialised: dm-devel@redhat.com
[    0.403928] ledtrig-cpu: registered to indicate activity on CPUs
[    0.404938] NET: Registered protocol family 10
[    0.408102] Segment Routing with IPv6
[    0.408631] NET: Registered protocol family 17
[    0.409242] Key type dns_resolver registered
[    0.409798] mce: Using 0 MCE banks
[    0.410175] RAS: Correctable Errors collector initialized.
[    0.410725] sched_clock: Marking stable (409776147, 0)->(487693927, -77917780)
[    0.411702] registered taskstats version 1
[    0.412163] Loading compiled-in X.509 certificates
[    0.414266] Loaded X.509 cert 'Build time autogenerated kernel key: b5b26778eaa3ab3a4a6cee031137706e947d12ad'
[    0.415689] Loaded X.509 cert 'Canonical Ltd. Live Patch Signing: 14df34d1a87cf37625abec039ef2bf521249b969'
[    0.417100] Loaded X.509 cert 'Canonical Ltd. Kernel Module Signing: 88f752e560a1e0737e31163a466ad7b70a850c19'
[    0.418043] blacklist: Loading compiled-in revocation X.509 certificates
[    0.418700] Loaded X.509 cert 'Canonical Ltd. Secure Boot Signing: 61482aa2830d0ab2ad5af10b7250da9033ddcef0'
[    0.419665] Loaded X.509 cert 'Canonical Ltd. Secure Boot Signing (2017): 242ade75ac4a15e50d50c84b0d45ff3eae707a03'
[    0.420669] Loaded X.509 cert 'Canonical Ltd. Secure Boot Signing (ESM 2018): 365188c1d374d6b07c3c8f240f8ef722433d6a8b'
[    0.421696] Loaded X.509 cert 'Canonical Ltd. Secure Boot Signing (2019): c0746fd6c5da3ae827864651ad66ae47fe24b3e8'
[    0.422692] Loaded X.509 cert 'Canonical Ltd. Secure Boot Signing (2021 v1): a8d54bbb3825cfb94fa13c9f8a594a195c107b8d'
[    0.423695] Loaded X.509 cert 'Canonical Ltd. Secure Boot Signing (2021 v2): 4cf046892d6fd3c9a5b03f98d845f90851dc6a8c'
[    0.424711] Loaded X.509 cert 'Canonical Ltd. Secure Boot Signing (2021 v3): 100437bb6de6e469b581e61cd66bce3ef4ed53af'
[    0.425720] Loaded X.509 cert 'Canonical Ltd. Secure Boot Signing (Ubuntu Core 2019): c1d57b8f6b743f23ee41f4f7ee292f06eecadfb9'
[    0.426804] zswap: loaded using pool lzo/zbud
[    0.429565] Key type big_key registered
[    0.429992] Key type trusted registered
[    0.431518] Key type encrypted registered
[    0.432096] AppArmor: AppArmor sha1 policy hashing enabled
[    0.432609] ima: No TPM chip found, activating TPM-bypass! (rc=-19)
[    0.433250] ima: Allocated hash algorithm: sha1
[    0.433899] evm: HMAC attrs: 0x1
[    0.434528]   Magic number: 11:379:349
[    0.435127] rtc_cmos rtc_cmos: setting system clock to 2023-06-25 21:20:40 UTC (1687728040)
[    0.436227] BIOS EDD facility v0.16 2004-Jun-25, 0 devices found
[    0.436978] EDD information not available.
[    0.571845] Freeing unused kernel image memory: 2480K
[    0.584009] Write protecting the kernel read-only data: 20480k
[    0.585121] Freeing unused kernel image memory: 2008K
[    0.586053] Freeing unused kernel image memory: 1820K
[    0.591569] x86/mm: Checked W+X mappings: passed, no W+X pages found.
Loading, please wait...
starting version 237
[    0.633957] e1000: Intel(R) PRO/1000 Network Driver - version 7.3.21-k8-NAPI
[    0.634487] e1000: Copyright (c) 1999-2006 Intel Corporation.
[    0.640829] Fusion MPT base driver 3.04.20
[    0.641275] Copyright (c) 1999-2008 LSI Corporation
[    0.645835] Fusion MPT SPI Host driver 3.04.20
[    0.657388] AVX2 version of gcm_enc/dec engaged.
[    0.657709] AES CTR mode by8 optimization enabled
[    0.849337] input: ImExPS/2 Generic Explorer Mouse as /devices/platform/i8042/serio1/input/input4
[    0.969816] e1000 0000:00:03.0 eth0: (PCI:33MHz:32-bit) 02:3b:7b:b7:3b:2d
[    0.970283] e1000 0000:00:03.0 eth0: Intel(R) PRO/1000 Network Connection
[    0.971162] mptbase: ioc0: Initiating bringup
[    1.064122] ioc0: LSI53C1030 A0: Capabilities={Initiator}
[    1.304787] scsi host2: ioc0: LSI53C1030 A0, FwRev=00000000h, Ports=1, MaxQ=256, IRQ=20
[    1.976909] scsi 2:0:0:0: Direct-Access     VBOX     HARDDISK         1.0  PQ: 0 ANSI: 5
[    2.008057] scsi target2:0:0: Beginning Domain Validation
[    2.010007] scsi target2:0:0: Domain Validation skipping write tests
[    2.011125] scsi target2:0:0: Ending Domain Validation
[    2.012082] scsi target2:0:0: asynchronous
[    2.013149] scsi 2:0:1:0: Direct-Access     VBOX     HARDDISK         1.0  PQ: 0 ANSI: 5
[    2.268012] scsi target2:0:1: Beginning Domain Validation
[    2.269269] scsi target2:0:1: Domain Validation skipping write tests
[    2.269736] scsi target2:0:1: Ending Domain Validation
[    2.270061] scsi target2:0:1: asynchronous
[    2.271758] sd 2:0:0:0: Attached scsi generic sg0 type 0
[    2.272133] sd 2:0:0:0: [sda] 83886080 512-byte logical blocks: (42.9 GB/40.0 GiB)
[    2.272861] sd 2:0:0:0: [sda] Write Protect is off
[    2.273361] sd 2:0:1:0: Attached scsi generic sg1 type 0
[    2.273789] sd 2:0:0:0: [sda] Incomplete mode parameter data
[    2.274502] sd 2:0:0:0: [sda] Assuming drive cache: write through
[    2.275147] sd 2:0:1:0: [sdb] 20480 512-byte logical blocks: (10.5 MB/10.0 MiB)
[    2.275591]  sda: sda1
[    2.276103] sd 2:0:1:0: [sdb] Write Protect is off
[    2.276256] sd 2:0:0:0: [sda] Attached SCSI disk
[    2.276919] sd 2:0:1:0: [sdb] Incomplete mode parameter data
[    2.277262] sd 2:0:1:0: [sdb] Assuming drive cache: write through
[    2.278535] sd 2:0:1:0: [sdb] Attached SCSI disk
[    2.306645] e1000 0000:00:08.0 eth1: (PCI:33MHz:32-bit) 08:00:27:19:f6:9a
[    2.307464] e1000 0000:00:08.0 eth1: Intel(R) PRO/1000 Network Connection
[    2.308831] e1000 0000:00:08.0 enp0s8: renamed from eth1
[    2.328158] e1000 0000:00:03.0 enp0s3: renamed from eth0
Begin: Loading essential drivers ... [    3.768009] raid6: sse2x1   gen()  7860 MB/s
[    3.816004] raid6: sse2x1   xor() 14253 MB/s
[    3.864010] raid6: sse2x2   gen() 16420 MB/s
[    3.912004] raid6: sse2x2   xor() 17571 MB/s
[    3.960009] raid6: sse2x4   gen() 23722 MB/s
[    4.008024] raid6: sse2x4   xor() 11216 MB/s
[    4.056010] raid6: avx2x1   gen() 17825 MB/s
[    4.104021] raid6: avx2x1   xor() 27328 MB/s
[    4.152006] raid6: avx2x2   gen() 36043 MB/s
[    4.200007] raid6: avx2x2   xor() 34126 MB/s
[    4.248012] raid6: avx2x4   gen() 39441 MB/s
[    4.296006] raid6: avx2x4   xor() 15120 MB/s
[    4.296357] raid6: using algorithm avx2x4 gen() 39441 MB/s
[    4.296694] raid6: .... xor() 15120 MB/s, rmw enabled
[    4.297022] raid6: using avx2x2 recovery algorithm
[    4.298090] xor: automatically using best checksumming function   avx       
[    4.299359] async_tx: api initialized (async)
done.
Begin: Running /scripts/init-premount ... done.
Begin: Mounting root file system ... Begin: Running /scripts/local-top ... done.
Begin: Running /scripts/local-premount ... [    4.324440] Btrfs loaded, crc32c=crc32c-intel
Scanning for Btrfs filesystems
done.
Warning: fsck not present, so skipping root file system
[    4.342559] EXT4-fs (sda1): mounted filesystem with ordered data mode. Opts: (null)
done.
Begin: Running /scripts/local-bottom ... done.
Begin: Running /scripts/init-bottom ... done.
[    4.446562] ip_tables: (C) 2000-2006 Netfilter Core Team
[    4.451624] systemd[1]: systemd 237 running in system mode. (+PAM +AUDIT +SELINUX +IMA +APPARMOR +SMACK +SYSVINIT +UTMP +LIBCRYPTSETUP +GCRYPT +GNUTLS +ACL +XZ +LZ4 +SECCOMP +BLKID +ELFUTILS +KMOD -IDN2 +IDN -PCRE2 default-hierarchy=hybrid)
[    4.452955] systemd[1]: Detected virtualization oracle.
[    4.453291] systemd[1]: Detected architecture x86-64.

Welcome to [1mUbuntu 18.04.6 LTS[0m!

[    4.456035] systemd[1]: Set hostname to <ubuntu>.
[    4.457330] systemd[1]: Initializing machine ID from random generator.
[    4.457749] systemd[1]: Installed transient /etc/machine-id file.
[    4.609142] systemd[1]: Set up automount Arbitrary Executable File Formats File System Automount Point.
[[0;32m  OK  [0m] Set up automount Arbitrary Executabâ€¦rmats File System Automount Point.
[    4.610714] systemd[1]: Created slice System Slice.
[[0;32m  OK  [0m] Created slice System Slice.
[    4.611235] systemd[1]: Listening on udev Control Socket.
[[0;32m  OK  [0m] Listening on udev Control Socket.
[    4.611774] systemd[1]: Listening on Syslog Socket.
[[0;32m  OK  [0m] Listening on Syslog Socket.
[[0;32m  OK  [0m] Listening on Device-mapper event daemon FIFOs.
[[0;32m  OK  [0m] Listening on Journal Socket (/dev/log).
[[0;32m  OK  [0m] Listening on Journal Audit Socket.
[[0;32m  OK  [0m] Listening on fsck to fsckd communication Socket.
[[0;32m  OK  [0m] Reached target User and Group Name Lookups.
[[0;32m  OK  [0m] Reached target Mounting snaps.
[[0;32m  OK  [0m] Listening on Network Service Netlink Socket.
[[0;32m  OK  [0m] Reached target Mounted snaps.
[[0;32m  OK  [0m] Created slice system-serial\x2dgetty.slice.
[[0;32m  OK  [0m] Listening on LVM2 metadata daemon socket.
[[0;32m  OK  [0m] Reached target Swap.
[[0;32m  OK  [0m] Reached target System Time Synchronized.
[[0;32m  OK  [0m] Listening on LVM2 poll daemon socket.
[[0;32m  OK  [0m] Listening on /dev/initctl Compatibility Named Pipe.
[[0;32m  OK  [0m] Created slice User and Session Slice.
[[0;32m  OK  [0m] Reached target Slices.
[[0;32m  OK  [0m] Listening on Journal Socket.
         Mounting Huge Pages File System...
         Starting Uncomplicated firewall...
         Starting Load Kernel Modules...
         Starting Monitoring of LVM2 mirrorsâ€¦ng dmeventd or progress polling...
         Starting Set the console keyboard layout...
         Starting Create list of required stâ€¦ce nodes for the current kernel...
         Mounting POSIX Message Queue File System...
         Starting Journal Service...
         Mounting Kernel Debug File System...
         Starting File System Check on Root Device...
[[0;32m  OK  [0m] Listening on udev Kernel Socket.
         Starting udev Coldplug all Devices...
[[0;32m  OK  [0m] Started Forward Password Requests to Wall Directory Watch.
[[0;32m  OK  [0m] Mounted Huge Pages File System.
[[0;32m  OK  [0m] Mounted POSIX Message Queue File System.
[[0;32m  OK  [0m] Mounted Kernel Debug File System.
[[0;32m  OK  [0m] Started Uncomplicated firewall.
[    4.634578] Loading iSCSI transport class v2.0-870.
[    4.637488] iscsi: registered transport (tcp)
[    4.645749] iscsi: registered transport (iser)
[[0;32m  OK  [0m] Started Load Kernel Modules.
         Starting Apply Kernel Variables...
         Mounting FUSE Control File System...
         Mounting Kernel Configuration File System...
[[0;32m  OK  [0m] Mounted FUSE Control File System.
[[0;32m  OK  [0m] Mounted Kernel Configuration File System.
[[0;32m  OK  [0m] Started LVM2 metadata daemon.
[[0;32m  OK  [0m] Started Create list of required staâ€¦vice nodes for the current kernel.
         Starting Create Static Device Nodes in /dev...
[[0;32m  OK  [0m] Started Journal Service.
[[0;32m  OK  [0m] Started File System Check Daemon to report status.
[[0;32m  OK  [0m] Started udev Coldplug all Devices.
[[0;32m  OK  [0m] Started Create Static Device Nodes in /dev.
[[0;32m  OK  [0m] Started Apply Kernel Variables.
[[0;32m  OK  [0m] Started Monitoring of LVM2 mirrors,â€¦sing dmeventd or progress polling.
[[0;32m  OK  [0m] Started File System Check on Root Device.
         Starting Remount Root and Kernel File Systems...
[[0;32m  OK  [0m] Started Remount Root and Kernel File Systems.
         Starting Flush Journal to Persistent Storage...
         Starting Load/Save Random Seed...
         Starting udev Kernel Device Manager...
[[0;32m  OK  [0m] Started Load/Save Random Seed.
[[0;32m  OK  [0m] Started udev Kernel Device Manager.
[[0;32m  OK  [0m] Started Flush Journal to Persistent Storage.
[[0;32m  OK  [0m] Found device /dev/ttyS0.
[[0;32m  OK  [0m] Listening on Load/Save RF Kill Switch Status /dev/rfkill Watch.
         Mounting Arbitrary Executable File Formats File System...
[[0;32m  OK  [0m] Mounted Arbitrary Executable File Formats File System.
[[0;32m  OK  [0m] Started Set the console keyboard layout.
[[0;32m  OK  [0m] Started Dispatch Password Requests to Console Directory Watch.
[[0;32m  OK  [0m] Reached target Local Encrypted Volumes.
[[0;32m  OK  [0m] Reached target Local File Systems (Pre).
[[0;32m  OK  [0m] Reached target Local File Systems.
         Starting Set console font and keymap...
         Starting Commit a transient machine-id on disk...
         Starting Create Volatile Files and Directories...
         Starting AppArmor initialization...
         Starting Tell Plymouth To Write Out Runtime Data...
         Starting ebtables ruleset management...
[[0;32m  OK  [0m] Started Tell Plymouth To Write Out Runtime Data.
[[0;32m  OK  [0m] Started Create Volatile Files and Directories.
         Starting Update UTMP about System Boot/Shutdown...
[[0;32m  OK  [0m] Started Update UTMP about System Boot/Shutdown.
[[0;32m  OK  [0m] Started Commit a transient machine-id on disk.
[[0;32m  OK  [0m] Started ebtables ruleset management.
[[0;32m  OK  [0m] Started AppArmor initialization.
         Starting Load AppArmor profiles managed internally by snapd...
         Starting Initial cloud-init job (pre-networking)...
[[0;32m  OK  [0m] Started Set console font and keymap.
[[0;32m  OK  [0m] Started Load AppArmor profiles managed internally by snapd.
[    6.313881] cloud-init[804]: Cloud-init v. 23.1.2-0ubuntu0~18.04.1 running 'init-local' at Sun, 25 Jun 2023 21:20:46 +0000. Up 6.13 seconds.
[[0;32m  OK  [0m] Started Initial cloud-init job (pre-networking).
[[0;32m  OK  [0m] Reached target Network (Pre).
         Starting Network Service...
[[0;32m  OK  [0m] Started Network Service.
         Starting Network Name Resolution...
         Starting Wait for Network to be Configured...
[[0;32m  OK  [0m] Started Network Name Resolution.
[[0;32m  OK  [0m] Reached target Host and Network Name Lookups.
[[0;32m  OK  [0m] Reached target Network.
[[0;32m  OK  [0m] Started Wait for Network to be Configured.
         Starting Initial cloud-init job (metadata service crawler)...
[    7.862733] cloud-init[957]: Cloud-init v. 23.1.2-0ubuntu0~18.04.1 running 'init' at Sun, 25 Jun 2023 21:20:47 +0000. Up 7.78 seconds.
[    7.863873] cloud-init[957]: ci-info: ++++++++++++++++++++++++++++++++++++++Net device info+++++++++++++++++++++++++++++++++++++++
[    7.864355] cloud-init[957]: ci-info: +--------+-------+----------------------------+---------------+--------+-------------------+
[    7.864989] cloud-init[957]: ci-info: | Device |   Up  |          Address           |      Mask     | Scope  |     Hw-Address    |
[    7.865425] cloud-init[957]: ci-info: +--------+-------+----------------------------+---------------+--------+-------------------+
[    7.865805] cloud-init[957]: ci-info: | enp0s3 |  True |         10.0.2.15          | 255.255.255.0 | global | 02:3b:7b:b7:3b:2d |
[    7.866268] cloud-init[957]: ci-info: | enp0s3 |  True | fe80::3b:7bff:feb7:3b2d/64 |       .       |  link  | 02:3b:7b:b7:3b:2d |
[    7.866729] cloud-init[957]: ci-info: | enp0s8 | False |             .              |       .       |   .    | 08:00:27:19:f6:9a |
[    7.867165] cloud-init[957]: ci-info: |   lo   |  True |         127.0.0.1          |   255.0.0.0   |  host  |         .         |
[    7.867621] cloud-init[957]: ci-info: |   lo   |  True |          ::1/128           |       .       |  host  |         .         |
[    7.868100] cloud-init[957]: ci-info: +--------+-------+----------------------------+---------------+--------+-------------------+
[    7.868512] cloud-init[957]: ci-info: ++++++++++++++++++++++++++++Route IPv4 info+++++++++++++++++++++++++++++
[    7.868943] cloud-init[957]: ci-info: +-------+-------------+----------+-----------------+-----------+-------+
[    7.880094] cloud-init[957]: ci-info: | Route | Destination | Gateway  |     Genmask     | Interface | Flags |
[    7.880627] cloud-init[957]: ci-info: +-------+-------------+----------+-----------------+-----------+-------+
[    7.881110] cloud-init[957]: ci-info: |   0   |   0.0.0.0   | 10.0.2.2 |     0.0.0.0     |   enp0s3  |   UG  |
[    7.881557] cloud-init[957]: ci-info: |   1   |   10.0.2.0  | 0.0.0.0  |  255.255.255.0  |   enp0s3  |   U   |
[    7.881977] cloud-init[957]: ci-info: |   2   |   10.0.2.2  | 0.0.0.0  | 255.255.255.255 |   enp0s3  |   UH  |
[    7.882364] cloud-init[957]: ci-info: +-------+-------------+----------+-----------------+-----------+-------+
[    7.882759] cloud-init[957]: ci-info: +++++++++++++++++++Route IPv6 info+++++++++++++++++++
[    7.883094] cloud-init[957]: ci-info: +-------+-------------+---------+-----------+-------+
[    7.883471] cloud-init[957]: ci-info: | Route | Destination | Gateway | Interface | Flags |
[    7.883815] cloud-init[957]: ci-info: +-------+-------------+---------+-----------+-------+
[    7.884187] cloud-init[957]: ci-info: |   1   |  fe80::/64  |    ::   |   enp0s3  |   U   |
[    7.884529] cloud-init[957]: ci-info: |   3   |    local    |    ::   |   enp0s3  |   U   |
[    7.884838] cloud-init[957]: ci-info: |   4   |   ff00::/8  |    ::   |   enp0s3  |   U   |
[    7.885186] cloud-init[957]: ci-info: +-------+-------------+---------+-----------+-------+
[    8.640427] cloud-init[957]: Generating public/private rsa key pair.
[    8.640778] cloud-init[957]: Your identification has been saved in /etc/ssh/ssh_host_rsa_key.
[    8.641075] cloud-init[957]: Your public key has been saved in /etc/ssh/ssh_host_rsa_key.pub.
[    8.641366] cloud-init[957]: The key fingerprint is:
[    8.641559] cloud-init[957]: SHA256:pMhZHtYxiM3eqHA3T4DKDodhptEj4riwGP1EfoB4nUE root@ubuntu-bionic
[    8.641875] cloud-init[957]: The key's randomart image is:
[    8.642077] cloud-init[957]: +---[RSA 2048]----+
[    8.642245] cloud-init[957]: | o +EB .o        |
[    8.642418] cloud-init[957]: |*o= B =. o       |
[    8.642595] cloud-init[957]: |BO = o++o        |
[    8.642791] cloud-init[957]: |B.*.+**+o        |
[    8.642964] cloud-init[957]: |oB =++o+S        |
[    8.643142] cloud-init[957]: |+ . o   .        |
[    8.643313] cloud-init[957]: |                 |
[    8.643486] cloud-init[957]: |                 |
[    8.643653] cloud-init[957]: |                 |
[    8.643826] cloud-init[957]: +----[SHA256]-----+
[    8.644009] cloud-init[957]: Generating public/private dsa key pair.
[    8.644237] cloud-init[957]: Your identification has been saved in /etc/ssh/ssh_host_dsa_key.
[    8.644528] cloud-init[957]: Your public key has been saved in /etc/ssh/ssh_host_dsa_key.pub.
[    8.644809] cloud-init[957]: The key fingerprint is:
[    8.644982] cloud-init[957]: SHA256:0O2jBl7+aJq3DPBjqMrIlCDG2FQovGCUkzoaNJFEC9Y root@ubuntu-bionic
[    8.645272] cloud-init[957]: The key's randomart image is:
[    8.645460] cloud-init[957]: +---[DSA 1024]----+
[    8.645649] cloud-init[957]: |***..            |
[    8.645844] cloud-init[957]: |=XoE   . .       |
[    8.646009] cloud-init[957]: |=o=   . . .      |
[    8.646177] cloud-init[957]: |*+     . .       |
[    8.656112] cloud-init[957]: |==. . . S o      |
[    8.656296] cloud-init[957]: |= .  = + . .     |
[    8.656475] cloud-init[957]: | o  . * +        |
[    8.656655] cloud-init[957]: |=  . . *oo       |
[    8.656829] cloud-init[957]: |o+.   o++..      |
[    8.657003] cloud-init[957]: +----[SHA256]-----+
[    8.657185] cloud-init[957]: Generating public/private ecdsa key pair.
[    8.657416] cloud-init[957]: Your identification has been saved in /etc/ssh/ssh_host_ecdsa_key.
[    8.657711] cloud-init[957]: Your public key has been saved in /etc/ssh/ssh_host_ecdsa_key.pub.
[    8.658002] cloud-init[957]: The key fingerprint is:
[    8.658179] cloud-init[957]: SHA256:2bBUYXFbeV5s2Gz6xhPBsK9LgPuzcFerS7CIqIy7Kxc root@ubuntu-bionic
[    8.658477] cloud-init[957]: The key's randomart image is:
[    8.658679] cloud-init[957]: +---[ECDSA 256]---+
[    8.658856] cloud-init[957]: |          =o..+* |
[    8.659034] cloud-init[957]: |         o . o+oO|
[    8.659210] cloud-init[957]: |        o   .. *o|
[    8.659386] cloud-init[957]: |       . =.   o..|
[    8.659568] cloud-init[957]: |        S..o   =.|
[    8.659746] cloud-init[957]: |  E   . . o + o.=|
[    8.659928] cloud-init[957]: |   . . . + o = o.|
[    8.660138] cloud-init[957]: |. + .     +.+ o  |
[    8.660315] cloud-init[957]: |.*+o       oo+.  |
[    8.660487] cloud-init[957]: +----[SHA256]-----+
[    8.660661] cloud-init[957]: Generating public/private ed25519 key pair.
[    8.660899] cloud-init[957]: Your identification has been saved in /etc/ssh/ssh_host_ed25519_key.
[    8.661195] cloud-init[957]: Your public key has been saved in /etc/ssh/ssh_host_ed25519_key.pub.
[    8.661483] cloud-init[957]: The key fingerprint is:
[    8.661672] cloud-init[957]: SHA256:IndfYcsPEaS5xssjAM/ABC8GRmn8Q2LArs0PfuRGlsQ root@ubuntu-bionic
[    8.661996] cloud-init[957]: The key's randomart image is:
[    8.662213] cloud-init[957]: +--[ED25519 256]--+
[    8.662410] cloud-init[957]: |Boo..      .o    |
[    8.662619] cloud-init[957]: |.O =       o .   |
[    8.662814] cloud-init[957]: |+ *.=     o +    |
[    8.672145] cloud-init[957]: | o +E=   . + +   |
[    8.672318] cloud-init[957]: |.o .o.* S + =    |
[    8.672494] cloud-init[957]: |. + =o + + o o   |
[[0;32m  OK  [0m] Started Initial cloud-init job (metadata service crawler).
[    8.684117] cloud-init[957]: | . B    . =   .  |
[[0;32m  OK  [0m[    8.696082] cloud-init[957]: |  . =    . .     |
] [    8.696210] cloud-init[957]: |   o             |
[    8.696286] cloud-init[957]: +----[SHA256]-----+
Reached target Cloud-config availability.
[[0;32m  OK  [0m] Reached target Network is Online.
         Starting Availability of block devices...
[[0;32m  OK  [0m] Reached target Remote File Systems (Pre).
[[0;32m  OK  [0m] Reached target Remote File Systems.
[[0;32m  OK  [0m] Reached target System Initialization.
[[0;32m  OK  [0m] Started Message of the Day.
[[0;32m  OK  [0m] Started Daily Cleanup of Temporary Directories.
[[0;32m  OK  [0m] Listening on ACPID Listen Socket.
[[0;32m  OK  [0m] Listening on cloud-init hotplug hook socket.
[[0;32m  OK  [0m] Started Ubuntu Advantage Timer for running repeated jobs.
[[0;32m  OK  [0m] Listening on Open-iSCSI iscsid Socket.
[[0;32m  OK  [0m] Started ACPI Events Check.
[[0;32m  OK  [0m] Reached target Paths.
         Starting Socket activation for snappy daemon.
[[0;32m  OK  [0m] Listening on D-Bus System Message Bus Socket.
[[0;32m  OK  [0m] Listening on UUID daemon activation socket.
[[0;32m  OK  [0m] Started Daily apt download activities.
[[0;32m  OK  [0m] Started Daily apt upgrade and clean activities.
         Starting LXD - unix socket.
[[0;32m  OK  [0m] Started Discard unused blocks once a week.
[[0;32m  OK  [0m] Reached target Timers.
[[0;32m  OK  [0m] Started Availability of block devices.
[[0;32m  OK  [0m] Listening on Socket activation for snappy daemon.
[[0;32m  OK  [0m] Listening on LXD - unix socket.
[[0;32m  OK  [0m] Reached target Sockets.
[[0;32m  OK  [0m] Reached target Basic System.
         Starting Permit User Sessions...
         Starting Pollinate to seed the pseudo random number generator...
         Starting LSB: automatic crash report generation...
[[0;32m  OK  [0m] Started FUSE filesystem for LXC.
         Starting Login Service...
         Starting System Logging Service...
[[0;32m  OK  [0m] Started Regular background program processing daemon.
         Starting Virtualbox guest utils...
[[0;32m  OK  [0m] Started D-Bus System Message Bus.
         Starting LXD - container startup/shutdown...
[[0;32m  OK  [0m] Started Deferred execution scheduler.
[[0;32m  OK  [0m] Reached target Login Prompts (Pre).
         Starting Dispatcher daemon for systemd-networkd...
[[0;32m  OK  [0m] Started irqbalance daemon.
         Starting Accounts Service...
         Starting LSB: Record successful boot for GRUB...
         Starting Snap Daemon...
[[0;32m  OK  [0m] Started System Logging Service.
[[0;32m  OK  [0m] Started Permit User Sessions.
[[0;32m  OK  [0m] Started Login Service.
[[0;32m  OK  [0m] Started Unattended Upgrades Shutdown.
         Starting Hold until boot process finishes up...
         Starting Terminate Plymouth Boot Screen...
[[0;32m  OK  [0m] Started Hold until boot process finishes up.
[[0;32m  OK  [0m] Started Serial Getty on ttyS0.
         Starting Set console scheme...
[[0;32m  OK  [0m] Started Terminate Plymouth Boot Screen.
[[0;32m  OK  [0m] Started LXD - container startup/shutdown.
[[0;32m  OK  [0m] Started Set console scheme.
[[0;32m  OK  [0m] Created slice system-getty.slice.
[[0;32m  OK  [0m] Started Getty on tty1.
[[0;32m  OK  [0m] Reached target Login Prompts.
[[0;32m  OK  [0m] Started LSB: automatic crash report generation.
         Starting Authorization Manager...
[[0;32m  OK  [0m] Started LSB: Record successful boot for GRUB.
[[0;32m  OK  [0m] Started Authorization Manager.
[[0;32m  OK  [0m] Started Accounts Service.
[[0;32m  OK  [0m] Started Virtualbox guest utils.
[[0;32m  OK  [0m] Started Dispatcher daemon for systemd-networkd.
[[0;32m  OK  [0m] Started Snap Daemon.
         Starting Wait until snapd is fully seeded...
[[0;32m  OK  [0m] Started Pollinate to seed the pseudo random number generator.
         Starting OpenBSD Secure Shell server...
[[0;32m  OK  [0m] Started OpenBSD Secure Shell server.
         Starting Time & Date Service...
[[0;32m  OK  [0m] Started Time & Date Service.
[[0;32m  OK  [0m] Started Wait until snapd is fully seeded.
         Starting Apply the settings specified in cloud-config...
[   10.510772] cloud-init[1550]: Cloud-init v. 23.1.2-0ubuntu0~18.04.1 running 'modules:config' at Sun, 25 Jun 2023 21:20:50 +0000. Up 10.31 seconds.
[[0;32m  OK  [0m] Started Apply the settings specified in cloud-config.
[[0;32m  OK  [0m] Reached target Multi-User System.
[[0;32m  OK  [0m] Reached target Graphical Interface.
         Starting Execute cloud user/final scripts...
         Starting Update UTMP about System Runlevel Changes...
[[0;32m  OK  [0m] Started Update UTMP about System Runlevel Changes.
ci-info: no authorized SSH keys fingerprints found for user ubuntu.
<14>Jun 25 21:20:50 cloud-init: #############################################################
<14>Jun 25 21:20:50 cloud-init: -----BEGIN SSH HOST KEY FINGERPRINTS-----
<14>Jun 25 21:20:50 cloud-init: 1024 SHA256:0O2jBl7+aJq3DPBjqMrIlCDG2FQovGCUkzoaNJFEC9Y root@ubuntu-bionic (DSA)
<14>Jun 25 21:20:50 cloud-init: 256 SHA256:2bBUYXFbeV5s2Gz6xhPBsK9LgPuzcFerS7CIqIy7Kxc root@ubuntu-bionic (ECDSA)
<14>Jun 25 21:20:50 cloud-init: 256 SHA256:IndfYcsPEaS5xssjAM/ABC8GRmn8Q2LArs0PfuRGlsQ root@ubuntu-bionic (ED25519)
<14>Jun 25 21:20:50 cloud-init: 2048 SHA256:pMhZHtYxiM3eqHA3T4DKDodhptEj4riwGP1EfoB4nUE root@ubuntu-bionic (RSA)
<14>Jun 25 21:20:50 cloud-init: -----END SSH HOST KEY FINGERPRINTS-----
<14>Jun 25 21:20:50 cloud-init: #############################################################
-----BEGIN SSH HOST KEY KEYS-----
ecdsa-sha2-nistp256 AAAAE2VjZHNhLXNoYTItbmlzdHAyNTYAAAAIbmlzdHAyNTYAAABBBDRK9nqTBW5DaOfJy5QULosgA+fLspxH0GdicnhC/gSVp7ZU//juiif1IL9HZR+pS8oN6UEEwswUZykl0PZ+KZg= root@ubuntu-bionic
ssh-ed25519 AAAAC3NzaC1lZDI1NTE5AAAAIHoQETNbo6Ixadli9DBSIvIHfx/g5n5aPXa/iGOo9p1p root@ubuntu-bionic
ssh-rsa AAAAB3NzaC1yc2EAAAADAQABAAABAQDl2Kn8RyOn46ei7ThAdtKQ7XD3yYQ/tRQOIJPpFjQrtLBPVgmLQBqplxG4GmGjl/FXeugsKcaTxLHzSpgib7lwmGwuSzkdxZyYu/WcNjA2TvSdgtvHoPshDbbQfUxPSGzugqCBOqYb9egXsP5Ms0FKQj9o16SyYLGa/HpDCAKjBHedBJFt7TgMvdIWjgmRKrHWST4ICFTIr9XjGVrNH18+DA24ZS9jgDk9sNMClnzpLlXUiRLtf0PUii6944K9uZfLrtRURYichgVK7UxU43VtDrBO6MMQMQXeayrM/Js2MVNrNMxl3blSAFXTQW/41/sEvrcAoX7PAGosQA8o/VnD root@ubuntu-bionic
-----END SSH HOST KEY KEYS-----
[   10.858644] cloud-init[1601]: Cloud-init v. 23.1.2-0ubuntu0~18.04.1 running 'modules:final' at Sun, 25 Jun 2023 21:20:50 +0000. Up 10.76 seconds.
[   10.859351] cloud-init[1601]: Cloud-init v. 23.1.2-0ubuntu0~18.04.1 finished at Sun, 25 Jun 2023 21:20:50 +0000. Datasource DataSourceNoCloud [seed=/dev/sdb][dsmode=net].  Up 10.85 seconds
[[0;32m  OK  [0m] Started Execute cloud user/final scripts.
[[0;32m  OK  [0m] Reached target Cloud-init target.

Ubuntu 18.04.6 LTS ubuntu-bionic ttyS0

ubuntu-bionic login: 